npm error code ENOENT
npm error syscall open
npm error path C:\Projetos\VidaPlus\package.json
npm error errno -4058
npm error enoent Could not read package.json: Error: ENOENT: no such file or directory, open 'C:\Projetos\VidaPlus\package.json'
npm error enoent This is related to npm not being able to find a file.
npm error enoent
npm error A complete log of this run can be found in: C:\Users\franc\AppData\Local\npm-cache\_logs\2025-10-12T00_54_51_776Z-debug-0.log
